this file contain tests for ``text_indentation()`` function

# import necessary lib and modules

>>> from importlib import import_module
>>> text_indentation = import_module('5-text_indentation').text_indentation

# now start testing the function

>>> text_indentation('this is mikiyas. age 22 and known for? programmer') #doctest: -NORMALIZE_WHITESPACE
this is mikiyas.
<BLANKLINE>
age 22 and known for?
<BLANKLINE>
programmer


>>> text_indentation('Holberton.School')
Holberton.
<BLANKLINE>
School


>>> text_indentation('Holberton. School? How are you: John')
Holberton.
<BLANKLINE>
School?
<BLANKLINE>
How are you:
<BLANKLINE>
John

>>> text_indentation(123)
Traceback (most recent call last):
    ...
TypeError: text must be a string

>>> text_indentation()
Traceback (most recent call last):
    ...
TypeError: text_indentation() missing 1 required positional argument: 'text'